firebase(node.js + hosting + html + 
https://tech.airis0.com/blog/firebase-set-up/

lii@lii-CF-B10WWHDR:~/デスクトップ$ node -version
/snap/node/6488/bin/node: bad option: -version
lii@lii-CF-B10WWHDR:~/デスクトップ$ su
パスワード: 
su: 認証失敗
lii@lii-CF-B10WWHDR:~/デスクトップ$ sudo passwd root
[sudo] lii のパスワード: 
新しいパスワード: 
新しいパスワードを再入力してください: 
passwd: パスワードは正しく更新されました
lii@lii-CF-B10WWHDR:~/デスクトップ$ su
パスワード: 
root@lii-CF-B10WWHDR:/home/lii/デスクトップ# node -v
v16.16.0
root@lii-CF-B10WWHDR:/home/lii/デスクトップ# npm -version
8.11.0
root@lii-CF-B10WWHDR:/home/lii/デスクトップ# npm install -g firebase-tools
npm WARN config global `--global`, `--local` are deprecated. Use `--location=global` instead.
npm WARN deprecated uuid@3.4.0: Please upgrade  to version 7 or higher.  Older versions may use Math.random() in certain circumstances, which is known to be problematic.  See https://v8.dev/blog/math-random for details.
npm WARN deprecated har-validator@5.1.3: this library is no longer supported
npm WARN deprecated request@2.88.2: request has been deprecated, see https://github.com/request/request/issues/3142
npm WARN deprecated debug@4.1.1: Debug versions >=3.2.0 <3.2.7 || >=4 <4.3.1 have a low-severity ReDos regression when used in a Node.js environment. It is recommended you upgrade to 3.2.7 or 4.3.1. (https://github.com/visionmedia/debug/issues/797)

added 696 packages, and audited 697 packages in 50s

39 packages are looking for funding
  run `npm fund` for details

10 vulnerabilities (7 moderate, 3 high)

To address issues that do not require attention, run:
  npm audit fix

To address all issues (including breaking changes), run:
  npm audit fix --force

Run `npm audit` for details.
npm notice 
npm notice New minor version of npm available! 8.11.0 -> 8.14.0
npm notice Changelog: https://github.com/npm/cli/releases/tag/v8.14.0
npm notice Run npm install -g npm@8.14.0 to update!
npm notice 
root@lii-CF-B10WWHDR:/home/lii/デスクトップ# cd firebase/
root@lii-CF-B10WWHDR:/home/lii/デスクトップ/firebase# pwd
/home/lii/デスクトップ/firebase
root@lii-CF-B10WWHDR:/home/lii/デスクトップ/firebase# firebase login
i  Firebase optionally collects CLI usage and error reporting information to help improve our products. Data is collected in accordance with Google's privacy policy (https://policies.google.com/privacy) and is not used to identify you.

? Allow Firebase to collect CLI usage and error reporting information? Yes
i  To change your data collection preference at any time, run `firebase logout` and log in again.

Visit this URL on this device to log in:
https://accounts.google.com/o/oauth2/auth?client_id=563584335869-fgrhgmd47bqnekij5i8b5pr03ho849e6.apps.googleusercontent.com&scope=email%20openid%20https%3A%2F%2Fwww.googleapis.com%2Fauth%2Fcloudplatformprojects.readonly%20https%3A%2F%2Fwww.googleapis.com%2Fauth%2Ffirebase%20https%3A%2F%2Fwww.googleapis.com%2Fauth%2Fcloud-platform&response_type=code&state=907365776&redirect_uri=http%3A%2F%2Flocalhost%3A9005

Waiting for authentication...



✔  Success! Logged in as r777777778888@gmail.com
root@lii-CF-B10WWHDR:/home/lii/デスクトップ/firebase# 
root@lii-CF-B10WWHDR:/home/lii/デスクトップ/firebase# 
root@lii-CF-B10WWHDR:/home/lii/デスクトップ/firebase# firebase init

     ######## #### ########  ######## ########     ###     ######  ########
     ##        ##  ##     ## ##       ##     ##  ##   ##  ##       ##
     ######    ##  ########  ######   ########  #########  ######  ######
     ##        ##  ##    ##  ##       ##     ## ##     ##       ## ##
     ##       #### ##     ## ######## ########  ##     ##  ######  ########

You're about to initialize a Firebase project in this directory:

  /home/lii/デスクトップ/firebase

Before we get started, keep in mind:

  * You are currently outside your home directory

? Which Firebase features do you want to set up for this directory? Press Space 
to select features, then Enter to confirm your choices. 

Error: Must select at least one feature. Use SPACEBAR to select features, or specify a feature by running firebase init [feature_name]
root@lii-CF-B10WWHDR:/home/lii/デスクトップ/firebase# firebase init

     ######## #### ########  ######## ########     ###     ######  ########
     ##        ##  ##     ## ##       ##     ##  ##   ##  ##       ##
     ######    ##  ########  ######   ########  #########  ######  ######
     ##        ##  ##    ##  ##       ##     ## ##     ##       ## ##
     ##       #### ##     ## ######## ########  ##     ##  ######  ########

You're about to initialize a Firebase project in this directory:

  /home/lii/デスクトップ/firebase

Before we get started, keep in mind:

  * You are currently outside your home directory

? Which Firebase features do you want to set up for this directory? Press Space 
to select features, then Enter to confirm your choices. Hosting: Configure files
 for Firebase Hosting and (optionally) set up GitHub Action deploys

=== Project Setup

First, let's associate this project directory with a Firebase project.
You can create multiple project aliases by running firebase use --add, 
but for now we'll just set up a default project.

? Please select an option: Use an existing project
? Select a default Firebase project for this directory: firstproject-r7 (firstpr
oject-r7)
i  Using project firstproject-r7 (firstproject-r7)

=== Hosting Setup

Your public directory is the folder (relative to your project directory) that
will contain Hosting assets to be uploaded with firebase deploy. If you
have a build process for your assets, use your build's output directory.

? What do you want to use as your public directory? public
? Configure as a single-page app (rewrite all urls to /index.html)? No
? Set up automatic builds and deploys with GitHub? No
✔  Wrote public/404.html
✔  Wrote public/index.html

i  Writing configuration info to firebase.json...
i  Writing project information to .firebaserc...
i  Writing gitignore file to .gitignore...

✔  Firebase initialization complete!
root@lii-CF-B10WWHDR:/home/lii/デスクトップ/firebase# firebase deploy

=== Deploying to 'firstproject-r7'...

i  deploying hosting
i  hosting[firstproject-r7]: beginning deploy...
i  hosting[firstproject-r7]: found 2 files in public
✔  hosting[firstproject-r7]: file upload complete
i  hosting[firstproject-r7]: finalizing version...
✔  hosting[firstproject-r7]: version finalized
i  hosting[firstproject-r7]: releasing new version...
✔  hosting[firstproject-r7]: release complete

✔  Deploy complete!

Project Console: https://console.firebase.google.com/project/firstproject-r7/overview
Hosting URL: https://firstproject-r7.web.app
root@lii-CF-B10WWHDR:/home/lii/デスクトップ/firebase# firebase deploy

=== Deploying to 'firstproject-r7'...

i  deploying hosting
i  hosting[firstproject-r7]: beginning deploy...
i  hosting[firstproject-r7]: found 2 files in public
✔  hosting[firstproject-r7]: file upload complete
i  hosting[firstproject-r7]: finalizing version...
✔  hosting[firstproject-r7]: version finalized
i  hosting[firstproject-r7]: releasing new version...
✔  hosting[firstproject-r7]: release complete

✔  Deploy complete!

Project Console: https://console.firebase.google.com/project/firstproject-r7/overview
Hosting URL: https://firstproject-r7.web.app
root@lii-CF-B10WWHDR:/home/lii/デスクトップ/firebase# 

firebase.json  index.js  public  style.css
root@lii-CF-B10WWHDR:/home/lii/デスクトップ/firebase# firebase deploy

